
> smart-invoice-tool@2.0.0 build
> next build

npm :  ΓÜá Warning: 
Next.js inferred 
your workspace root, 
but it may not be 
correct.
At line:1 char:1
+ npm run build > 
build_output.log 
2>&1 ; cat 
build_output.log | 
Select ...
+ ~~~~~~~~~~~~~~~~~~~
~~~~~~~~~~~~~~~~~~
    + CategoryInfo   
           : NotSpe  
  cified: ( ΓÜá Wa   
 rning: N...not b    
e correct.:Strin    
g) [], RemoteExc    
eption
    + FullyQualified 
   ErrorId : Native  
  CommandError
 
 We detected 
multiple lockfiles 
and selected the 
directory of C:\Users
\wdsan\package-lock.j
son as the root 
directory.
 To silence this 
warning, set `outputF
ileTracingRoot` in 
your Next.js config, 
or consider removing 
one of the lockfiles 
if it's not needed.
   See https://nextjs
.org/docs/app/api-ref
erence/config/next-co
nfig-js/output#caveat
s for more 
information.
 Detected additional 
lockfiles: 
   * C:\Users\wdsan\D
esktop\Bitnest projec
ts\invoice\invoice-ap
p-next\package-lock.j
son

   Γû▓ Next.js 15.5.0
   - Environments: .env.local, .env
   - Experiments (use with caution):
     ┬╖ optimizePackageImports

   Creating an optimized production build ...
 Γ£ô Compiled successfully in 3.0s
   Linting and checking validity of types ...

Failed to compile.

./src/app/dashboard/i
nvoices/page.tsx
4:29  Warning: 
'CardHeader' is 
defined but never 
used.  @typescript-es
lint/no-unused-vars
4:41  Warning: 
'CardTitle' is 
defined but never 
used.  @typescript-es
lint/no-unused-vars

./src/app/guides/how-
to-track-unpaid-invoi
ces/page.tsx
80:67  Error: `"` 
can be escaped with 
`&quot;`, `&ldquo;`, 
`&#34;`, `&rdquo;`.  
react/no-unescaped-en
tities
80:77  Error: `'` 
can be escaped with 
`&apos;`, `&lsquo;`, 
`&#39;`, `&rsquo;`.  
react/no-unescaped-en
tities
80:83  Error: `"` 
can be escaped with 
`&quot;`, `&ldquo;`, 
`&#34;`, `&rdquo;`.  
react/no-unescaped-en
tities
85:21  Error: `"` 
can be escaped with 
`&quot;`, `&ldquo;`, 
`&#34;`, `&rdquo;`.  
react/no-unescaped-en
tities
85:41  Error: `'` 
can be escaped with 
`&apos;`, `&lsquo;`, 
`&#39;`, `&rsquo;`.  
react/no-unescaped-en
tities
85:144  Error: `'` 
can be escaped with 
`&apos;`, `&lsquo;`, 
`&#39;`, `&rsquo;`.  
react/no-unescaped-en
tities
85:229  Error: `"` 
can be escaped with 
`&quot;`, `&ldquo;`, 
`&#34;`, `&rdquo;`.  
react/no-unescaped-en
tities
93:67  Error: `"` 
can be escaped with 
`&quot;`, `&ldquo;`, 
`&#34;`, `&rdquo;`.  
react/no-unescaped-en
tities
93:75  Error: `"` 
can be escaped with 
`&quot;`, `&ldquo;`, 
`&#34;`, `&rdquo;`.  
react/no-unescaped-en
tities
98:21  Error: `"` 
can be escaped with 
`&quot;`, `&ldquo;`, 
`&#34;`, `&rdquo;`.  
react/no-unescaped-en
tities
98:34  Error: `'` 
can be escaped with 
`&apos;`, `&lsquo;`, 
`&#39;`, `&rsquo;`.  
react/no-unescaped-en
tities
98:229  Error: `"` 
can be escaped with 
`&quot;`, `&ldquo;`, 
`&#34;`, `&rdquo;`.  
react/no-unescaped-en
tities
106:67  Error: `"` 
can be escaped with 
`&quot;`, `&ldquo;`, 
`&#34;`, `&rdquo;`.  
react/no-unescaped-en
tities
106:76  Error: `"` 
can be escaped with 
`&quot;`, `&ldquo;`, 
`&#34;`, `&rdquo;`.  
react/no-unescaped-en
tities
111:21  Error: `"` 
can be escaped with 
`&quot;`, `&ldquo;`, 
`&#34;`, `&rdquo;`.  
react/no-unescaped-en
tities
111:272  Error: `"` 
can be escaped with 
`&quot;`, `&ldquo;`, 
`&#34;`, `&rdquo;`.  
react/no-unescaped-en
tities
119:87  Error: `'` 
can be escaped with 
`&apos;`, `&lsquo;`, 
`&#39;`, `&rsquo;`.  
react/no-unescaped-en
tities

./src/app/receipt-mak
er/page.tsx
59:83  Error: `"` 
can be escaped with 
`&quot;`, `&ldquo;`, 
`&#34;`, `&rdquo;`.  
react/no-unescaped-en
tities
59:91  Error: `"` 
can be escaped with 
`&quot;`, `&ldquo;`, 
`&#34;`, `&rdquo;`.  
react/no-unescaped-en
tities
59:102  Error: `"` 
can be escaped with 
`&quot;`, `&ldquo;`, 
`&#34;`, `&rdquo;`.  
react/no-unescaped-en
tities
59:110  Error: `"` 
can be escaped with 
`&quot;`, `&ldquo;`, 
`&#34;`, `&rdquo;`.  
react/no-unescaped-en
tities
59:115  Error: `"` 
can be escaped with 
`&quot;`, `&ldquo;`, 
`&#34;`, `&rdquo;`.  
react/no-unescaped-en
tities
59:128  Error: `"` 
can be escaped with 
`&quot;`, `&ldquo;`, 
`&#34;`, `&rdquo;`.  
react/no-unescaped-en
tities
64:36  Error: `'` 
can be escaped with 
`&apos;`, `&lsquo;`, 
`&#39;`, `&rsquo;`.  
react/no-unescaped-en
tities
64:95  Error: `"` 
can be escaped with 
`&quot;`, `&ldquo;`, 
`&#34;`, `&rdquo;`.  
react/no-unescaped-en
tities
64:101  Error: `"` 
can be escaped with 
`&quot;`, `&ldquo;`, 
`&#34;`, `&rdquo;`.  
react/no-unescaped-en
tities
64:106  Error: `"` 
can be escaped with 
`&quot;`, `&ldquo;`, 
`&#34;`, `&rdquo;`.  
react/no-unescaped-en
tities
64:112  Error: `"` 
can be escaped with 
`&quot;`, `&ldquo;`, 
`&#34;`, `&rdquo;`.  
react/no-unescaped-en
tities
64:141  Error: `"` 
can be escaped with 
`&quot;`, `&ldquo;`, 
`&#34;`, `&rdquo;`.  
react/no-unescaped-en
tities
64:154  Error: `"` 
can be escaped with 
`&quot;`, `&ldquo;`, 
`&#34;`, `&rdquo;`.  
react/no-unescaped-en
tities
64:199  Error: `"` 
can be escaped with 
`&quot;`, `&ldquo;`, 
`&#34;`, `&rdquo;`.  
react/no-unescaped-en
tities
64:235  Error: `"` 
can be escaped with 
`&quot;`, `&ldquo;`, 
`&#34;`, `&rdquo;`.  
react/no-unescaped-en
tities

./src/components/Cond
itionalAdUnit.tsx
39:7  Warning: 
Unused 
eslint-disable 
directive (no 
problems were 
reported from '@types
cript-eslint/no-expli
cit-any').
41:7  Warning: 
Unused 
eslint-disable 
directive (no 
problems were 
reported from '@types
cript-eslint/no-expli
cit-any').

./src/components/Side
bar.tsx
10:3  Warning: 
'Settings' is 
defined but never 
used.  @typescript-es
lint/no-unused-vars

info  - Need to 
disable some ESLint 
rules? Learn more 
here: https://nextjs.
org/docs/app/api-refe
rence/config/eslint#d
isabling-rules
